0abcd4241.199.65.2271.2.3.41abcd4281.217.88.441.2.3.62abcd42151.22.189.981.2.3.83abcd42161.134.147.1921.2.3.104abcd42231.250.206.1351.2.3.125abcd42421.209.86.1381.2.3.146abcd4241.157.78.2101.2.3.167abcd4281.246.7.1361.2.3.48abcd42151.185.85.671.2.3.69abcd42161.113.218.1891.2.3.8