field0,field1,field2,field3,field4,field5
0,abcd,42,4,1.199.65.227,1.2.3.4
1,abcd,42,8,1.217.88.44,1.2.3.6
2,abcd,42,15,1.22.189.98,1.2.3.8
3,abcd,42,16,1.134.147.192,1.2.3.10
4,abcd,42,23,1.250.206.135,1.2.3.12
5,abcd,42,42,1.209.86.138,1.2.3.14
6,abcd,42,4,1.157.78.210,1.2.3.16
7,abcd,42,8,1.246.7.136,1.2.3.4
8,abcd,42,15,1.185.85.67,1.2.3.6
9,abcd,42,16,1.113.218.189,1.2.3.8
