field0_length,field0,field1
1,0,abcd
1,1,abcd
1,2,abcd
1,3,abcd
1,4,abcd
1,5,abcd
1,6,abcd
1,7,abcd
1,8,abcd
1,9,abcd
