abcd65535abcd65535abcd65535abcd65535abcd65535abcd65535abcd65535abcd65535abcd65535abcd65535