field0,field1,field2,field3,field4,field5
0,abcd,42,4,1.73.81.230,1.2.3.4
1,abcd,42,8,1.146.80.16,1.2.3.6
2,abcd,42,15,1.73.143.198,1.2.3.8
3,abcd,42,16,1.50.144.172,1.2.3.10
4,abcd,42,23,1.130.69.97,1.2.3.12
5,abcd,42,42,1.77.65.138,1.2.3.14
6,abcd,42,4,1.160.206.173,1.2.3.16
7,abcd,42,8,1.52.148.31,1.2.3.4
8,abcd,42,15,1.39.196.149,1.2.3.6
9,abcd,42,16,1.171.18.160,1.2.3.8
