0abcd1abcd2abcd3abcd4abcd5abcd6abcd7abcd8abcd9abcd