0abcd4241abcd4282abcd42153abcd42164abcd42235abcd42426abcd4247abcd4288abcd42159abcd4216