0abcd4241.2.3.41abcd4281.2.3.62abcd42151.2.3.83abcd42161.2.3.104abcd42231.2.3.125abcd42421.2.3.146abcd4241.2.3.167abcd4281.2.3.48abcd42151.2.3.69abcd42161.2.3.8