field0,field1
abcd,65535
abcd,65535
abcd,65535
abcd,65535
abcd,65535
abcd,65535
abcd,65535
abcd,65535
abcd,65535
abcd,65535
