field0,field1,field2,field3,field5
0,abcd,42,4,1.2.3.4
1,abcd,42,8,1.2.3.6
2,abcd,42,15,1.2.3.8
3,abcd,42,16,1.2.3.10
4,abcd,42,23,1.2.3.12
5,abcd,42,42,1.2.3.14
6,abcd,42,4,1.2.3.16
7,abcd,42,8,1.2.3.4
8,abcd,42,15,1.2.3.6
9,abcd,42,16,1.2.3.8
